
> socratic-tutor-react@0.1.0 predev
> node -e "require('fs').rmSync('.next',{recursive:true,force:true})"


> socratic-tutor-react@0.1.0 dev
> next dev

  ▲ Next.js 14.2.35
  - Local:        http://localhost:3000

 ✓ Starting...
 ✓ Ready in 7.7s
 ○ Compiling / ...
 ✓ Compiled / in 11.2s (460 modules)
 GET / 307 in 11606ms
 ✓ Compiled in 336ms (234 modules)
 ○ Compiling /login ...
 ✓ Compiled /login in 3.2s (552 modules)
 GET / 307 in 145ms
 GET /login 200 in 71ms
 ○ Compiling /dashboard ...
 ✓ Compiled /dashboard in 549ms (598 modules)
 ○ Compiling /tasks ...
 ✓ Compiled /tasks in 543ms (622 modules)
 ○ Compiling /tasks/[taskId] ...
 ✓ Compiled /tasks/[taskId] in 850ms (749 modules)
 ✓ Compiled in 456ms (763 modules)
 GET /tasks/qb-find-maximum 200 in 107ms
 ✓ Compiled /_not-found in 451ms (766 modules)
 GET /_next/static/css/app/layout.css?v=1786270420188 404 in 535ms
 GET /_next/static/chunks/app/tasks/%5BtaskId%5D/page.js 404 in 521ms
 GET /_next/static/chunks/webpack.js?v=1786270420188 404 in 535ms
 GET /_next/static/chunks/main-app.js?v=1786270420188 404 in 520ms
 GET /_next/static/chunks/app-pages-internals.js 404 in 520ms
 ○ Compiling /_error ...
 ✓ Compiled /_error in 1262ms (976 modules)
 GET /tasks/qb-find-maximum 500 in 1792ms
 ✓ Compiled / in 130ms (440 modules)
 GET / 307 in 395ms
 GET /login 500 in 20ms
 GET / 307 in 58ms
 GET /login 500 in 19ms
 GET / 307 in 92ms
 GET /login 500 in 14ms
 GET / 307 in 108ms
 GET /login 500 in 12ms
 GET / 307 in 109ms
 GET /login 500 in 12ms
 GET / 307 in 110ms
 GET /login 500 in 13ms
 GET / 307 in 96ms
 GET /login 500 in 12ms
 GET / 307 in 108ms
 GET /login 500 in 12ms
 GET / 307 in 93ms
 GET /login 500 in 12ms
 GET / 307 in 125ms
 GET /login 500 in 12ms
 GET / 307 in 109ms
 GET /login 500 in 13ms
 GET / 307 in 109ms
 GET /login 500 in 12ms
 GET / 307 in 125ms
 GET /login 500 in 11ms
 GET / 307 in 118ms
 GET /login 500 in 11ms
 GET / 307 in 110ms
 GET /login 500 in 12ms
 GET / 307 in 123ms
 GET /login 500 in 12ms
 GET / 307 in 109ms
 GET /login 500 in 13ms
 GET / 307 in 107ms
 GET /login 500 in 12ms
 GET / 307 in 108ms
 GET /login 500 in 11ms
 GET / 307 in 124ms
 GET /login 500 in 11ms
 GET / 307 in 123ms
 GET /login 500 in 13ms
[?25h
